Docker verification started: 2026-09-11 23:11:31.97
Running: "C:\Users\from1\AppData\Local\Programs\DockerDesktop\resources\bin\docker.exe" version
Client:
 Version:           29.7.2
 API version:       1.55
 Go version:        go1.26.5
 Git commit:        a7dcaa6
 Built:             Wed Aug  5 18:31:33 2026
 OS/Arch:           windows/amd64
 Context:           desktop-linux

Server: Docker Desktop 4.90.0 (238679)
 Engine:
  Version:          29.7.2
  API version:      1.55 (minimum version 1.40)
  Go version:       go1.26.5
  Git commit:       6a43e3d
  Built:            Wed Aug  5 18:28:36 2026
  OS/Arch:          linux/amd64
  Experimental:     false
 containerd:
  Version:          v2.3.3
  GitCommit:        aad11006b869517fcd3009450b6f82da282e1a9b
 runc:
  Version:          1.4.3
  GitCommit:        v1.4.3-0-gbb14dabe
 docker-init:
  Version:          0.19.0
  GitCommit:        de40ad0
Running: "C:\Users\from1\AppData\Local\Programs\DockerDesktop\resources\bin\docker.exe" compose version
Docker Compose version v5.5.1
Running: "C:\Users\from1\AppData\Local\Programs\DockerDesktop\resources\bin\docker.exe" compose config --quiet
Running: "C:\Users\from1\AppData\Local\Programs\DockerDesktop\resources\bin\docker.exe" compose --profile tools build
 Image postgres-order-lab-api Building 
 Image postgres-order-lab-runner Building 
#1 [internal] load local bake definitions
#1 reading from stdin 1.17kB 0.0s done
#1 DONE 0.0s

#2 [api internal] load build definition from Dockerfile
#2 transferring dockerfile: 259B 0.0s done
#2 DONE 0.1s

#3 [runner internal] load metadata for docker.io/library/node:22-bookworm-slim
#3 ...

#4 [auth] library/node:pull token for registry-1.docker.io
#4 DONE 0.0s

#3 [runner internal] load metadata for docker.io/library/node:22-bookworm-slim
#3 DONE 2.4s

#5 [api internal] load .dockerignore
#5 transferring context: 71B 0.0s done
#5 DONE 0.0s

#6 [api 1/9] FROM docker.io/library/node:22-bookworm-slim@sha256:83f487e0a63425e5b4d146fb5e5be574bcbe1b7b843d3ebafdd95eaf7767a7e5
#6 resolve docker.io/library/node:22-bookworm-slim@sha256:83f487e0a63425e5b4d146fb5e5be574bcbe1b7b843d3ebafdd95eaf7767a7e5 0.0s done
#6 ...

#7 [runner internal] load build context
#7 transferring context: 36.91kB 0.1s done
#7 DONE 0.1s

#6 [api 1/9] FROM docker.io/library/node:22-bookworm-slim@sha256:83f487e0a63425e5b4d146fb5e5be574bcbe1b7b843d3ebafdd95eaf7767a7e5
#6 ...

#7 [api internal] load build context
#7 DONE 0.1s

#6 [api 1/9] FROM docker.io/library/node:22-bookworm-slim@sha256:83f487e0a63425e5b4d146fb5e5be574bcbe1b7b843d3ebafdd95eaf7767a7e5
#6 sha256:0282d618b52cd2eb8fcf041e780cd66b15e7ebae519a4054c5d293eae6b6d34f 0B / 447B 0.2s
#6 sha256:0282d618b52cd2eb8fcf041e780cd66b15e7ebae519a4054c5d293eae6b6d34f 447B / 447B 0.2s done
#6 sha256:3cddab114edadc7cf5a7b0b591e59f6312aade3dc4fb68e88aacca5eb1cc1c03 0B / 1.71MB 0.3s
#6 sha256:51c53f95c2cae3d00dfc0350297c92dea913fe129ec38b8deb8313e5f3e0297d 0B / 49.94MB 0.2s
#6 sha256:cea7eb9bbe80eabf8356efb28b3796ab904f36a32049aeb6b435920ca93f9285 0B / 3.31kB 0.2s
#6 sha256:a8ac7f6c67abc236e4c745052c404112b8fab6fe8ac3a329d1ef3b867ad67c71 0B / 28.23MB 0.2s
#6 sha256:3cddab114edadc7cf5a7b0b591e59f6312aade3dc4fb68e88aacca5eb1cc1c03 1.71MB / 1.71MB 0.5s done
#6 sha256:cea7eb9bbe80eabf8356efb28b3796ab904f36a32049aeb6b435920ca93f9285 3.31kB / 3.31kB 0.9s done
#6 sha256:51c53f95c2cae3d00dfc0350297c92dea913fe129ec38b8deb8313e5f3e0297d 6.29MB / 49.94MB 1.1s
#6 sha256:cea7eb9bbe80eabf8356efb28b3796ab904f36a32049aeb6b435920ca93f9285 3.31kB / 3.31kB 0.9s done
#6 sha256:a8ac7f6c67abc236e4c745052c404112b8fab6fe8ac3a329d1ef3b867ad67c71 3.15MB / 28.23MB 0.8s
#6 sha256:51c53f95c2cae3d00dfc0350297c92dea913fe129ec38b8deb8313e5f3e0297d 9.44MB / 49.94MB 1.4s
#6 sha256:a8ac7f6c67abc236e4c745052c404112b8fab6fe8ac3a329d1ef3b867ad67c71 6.29MB / 28.23MB 1.1s
#6 sha256:a8ac7f6c67abc236e4c745052c404112b8fab6fe8ac3a329d1ef3b867ad67c71 8.39MB / 28.23MB 1.2s
#6 sha256:51c53f95c2cae3d00dfc0350297c92dea913fe129ec38b8deb8313e5f3e0297d 12.58MB / 49.94MB 1.7s
#6 sha256:a8ac7f6c67abc236e4c745052c404112b8fab6fe8ac3a329d1ef3b867ad67c71 10.49MB / 28.23MB 1.5s
#6 sha256:a8ac7f6c67abc236e4c745052c404112b8fab6fe8ac3a329d1ef3b867ad67c71 12.58MB / 28.23MB 1.7s
#6 sha256:51c53f95c2cae3d00dfc0350297c92dea913fe129ec38b8deb8313e5f3e0297d 16.78MB / 49.94MB 2.1s
#6 sha256:a8ac7f6c67abc236e4c745052c404112b8fab6fe8ac3a329d1ef3b867ad67c71 14.68MB / 28.23MB 2.1s
#6 sha256:51c53f95c2cae3d00dfc0350297c92dea913fe129ec38b8deb8313e5f3e0297d 19.92MB / 49.94MB 3.5s
#6 sha256:a8ac7f6c67abc236e4c745052c404112b8fab6fe8ac3a329d1ef3b867ad67c71 16.78MB / 28.23MB 3.2s
#6 sha256:a8ac7f6c67abc236e4c745052c404112b8fab6fe8ac3a329d1ef3b867ad67c71 18.87MB / 28.23MB 3.5s
#6 sha256:51c53f95c2cae3d00dfc0350297c92dea913fe129ec38b8deb8313e5f3e0297d 23.07MB / 49.94MB 3.9s
#6 sha256:51c53f95c2cae3d00dfc0350297c92dea913fe129ec38b8deb8313e5f3e0297d 26.21MB / 49.94MB 4.2s
#6 sha256:a8ac7f6c67abc236e4c745052c404112b8fab6fe8ac3a329d1ef3b867ad67c71 22.02MB / 28.23MB 3.9s
#6 sha256:a8ac7f6c67abc236e4c745052c404112b8fab6fe8ac3a329d1ef3b867ad67c71 24.12MB / 28.23MB 4.2s
#6 sha256:51c53f95c2cae3d00dfc0350297c92dea913fe129ec38b8deb8313e5f3e0297d 29.36MB / 49.94MB 5.0s
#6 sha256:a8ac7f6c67abc236e4c745052c404112b8fab6fe8ac3a329d1ef3b867ad67c71 26.21MB / 28.23MB 4.8s
#6 sha256:a8ac7f6c67abc236e4c745052c404112b8fab6fe8ac3a329d1ef3b867ad67c71 28.23MB / 28.23MB 5.0s done
#6 sha256:51c53f95c2cae3d00dfc0350297c92dea913fe129ec38b8deb8313e5f3e0297d 33.55MB / 49.94MB 5.4s
#6 sha256:a8ac7f6c67abc236e4c745052c404112b8fab6fe8ac3a329d1ef3b867ad67c71 28.23MB / 28.23MB 5.0s done
#6 extracting sha256:a8ac7f6c67abc236e4c745052c404112b8fab6fe8ac3a329d1ef3b867ad67c71
#6 sha256:51c53f95c2cae3d00dfc0350297c92dea913fe129ec38b8deb8313e5f3e0297d 37.75MB / 49.94MB 5.7s
#6 sha256:51c53f95c2cae3d00dfc0350297c92dea913fe129ec38b8deb8313e5f3e0297d 40.89MB / 49.94MB 6.0s
#6 sha256:51c53f95c2cae3d00dfc0350297c92dea913fe129ec38b8deb8313e5f3e0297d 44.04MB / 49.94MB 6.3s
#6 sha256:51c53f95c2cae3d00dfc0350297c92dea913fe129ec38b8deb8313e5f3e0297d 47.19MB / 49.94MB 6.6s
#6 sha256:51c53f95c2cae3d00dfc0350297c92dea913fe129ec38b8deb8313e5f3e0297d 49.94MB / 49.94MB 6.9s done
#6 sha256:51c53f95c2cae3d00dfc0350297c92dea913fe129ec38b8deb8313e5f3e0297d 49.94MB / 49.94MB 6.9s done
#6 extracting sha256:a8ac7f6c67abc236e4c745052c404112b8fab6fe8ac3a329d1ef3b867ad67c71 2.2s done
#6 DONE 7.6s

#6 [api 1/9] FROM docker.io/library/node:22-bookworm-slim@sha256:83f487e0a63425e5b4d146fb5e5be574bcbe1b7b843d3ebafdd95eaf7767a7e5
#6 extracting sha256:a8ac7f6c67abc236e4c745052c404112b8fab6fe8ac3a329d1ef3b867ad67c71 2.2s done
#6 extracting sha256:cea7eb9bbe80eabf8356efb28b3796ab904f36a32049aeb6b435920ca93f9285 0.0s done
#6 extracting sha256:51c53f95c2cae3d00dfc0350297c92dea913fe129ec38b8deb8313e5f3e0297d
#6 extracting sha256:51c53f95c2cae3d00dfc0350297c92dea913fe129ec38b8deb8313e5f3e0297d 1.9s done
#6 DONE 9.5s

#6 [runner 1/9] FROM docker.io/library/node:22-bookworm-slim@sha256:83f487e0a63425e5b4d146fb5e5be574bcbe1b7b843d3ebafdd95eaf7767a7e5
#6 extracting sha256:51c53f95c2cae3d00dfc0350297c92dea913fe129ec38b8deb8313e5f3e0297d 1.9s done
#6 extracting sha256:3cddab114edadc7cf5a7b0b591e59f6312aade3dc4fb68e88aacca5eb1cc1c03 0.1s done
#6 extracting sha256:0282d618b52cd2eb8fcf041e780cd66b15e7ebae519a4054c5d293eae6b6d34f 0.0s done
#6 DONE 9.6s

#8 [runner 2/9] WORKDIR /app
#8 DONE 0.2s

#8 [runner 2/9] WORKDIR /app
#8 DONE 0.2s

#9 [api 3/9] COPY package*.json ./
#9 DONE 0.0s

#10 [api 4/9] RUN npm ci --omit=dev
#10 1.759 
#10 1.759 added 14 packages, and audited 15 packages in 1s
#10 1.760 
#10 1.760 found 0 vulnerabilities
#10 1.762 npm notice
#10 1.762 npm notice New major version of npm available! 10.9.8 -> 12.0.2
#10 1.762 npm notice Changelog: https://github.com/npm/cli/releases/tag/v12.0.2
#10 1.762 npm notice To update run: npm install -g npm@12.0.2
#10 1.762 npm notice
#10 DONE 1.9s

#10 [runner 4/9] RUN npm ci --omit=dev
#10 DONE 1.9s

#11 [api 5/9] COPY src ./src
#11 DONE 0.1s

#12 [api 6/9] COPY sql ./sql
#12 DONE 0.0s

#12 [runner 6/9] COPY sql ./sql
#12 DONE 0.0s

#13 [api 7/9] COPY test ./test
#13 DONE 0.0s

#14 [runner 8/9] COPY compose.yaml Dockerfile ./
#14 DONE 0.1s

#14 [api 8/9] COPY compose.yaml Dockerfile ./
#14 DONE 0.1s

#15 [api 9/9] RUN mkdir -p /app/results
#15 DONE 0.2s

#15 [api 9/9] RUN mkdir -p /app/results
#15 DONE 0.2s

#16 [api] exporting to image
#16 exporting layers
#16 exporting layers 0.7s done
#16 exporting manifest sha256:18d5c74d100d15701c8b4e9e1497be6fe14c26fe47e9b3156fac940175326a13 0.0s done
#16 exporting config sha256:710f7f531bf74496a99b54daf08ae8bdc71b2094074a9ceac1a5d4d75930f1ce 0.0s done
#16 exporting attestation manifest sha256:34b9a45e645557c53f2d6f024ecb4b258e685328de3f2b0aa2ff2eea2353e38b 0.1s done
#16 exporting manifest list sha256:3af3be70ba3d4d1bee8657be861966cc9a305551b51b0da171c63d51d0cf2c39
#16 exporting manifest list sha256:3af3be70ba3d4d1bee8657be861966cc9a305551b51b0da171c63d51d0cf2c39 0.0s done
#16 naming to docker.io/library/postgres-order-lab-api:latest 0.0s done
#16 unpacking to docker.io/library/postgres-order-lab-api:latest
#16 unpacking to docker.io/library/postgres-order-lab-api:latest 0.4s done
#16 DONE 1.4s

#17 [runner] exporting to image
#17 exporting layers 0.7s done
#17 exporting manifest sha256:8a8511cf16e56b1f61f50f35c092bc3d3a0acaf3836d247da8a1f0ba8a68ffcd 0.0s done
#17 exporting config sha256:16e766d0f7b963335ccb93ae118ac254aa986295e7b692df331838cac843134e 0.0s done
#17 exporting attestation manifest sha256:3da3e19227536546927419ea85e4a14aee98231667ccd20413ef938a56db2818 0.1s done
#17 exporting manifest list sha256:e2317e894e326f772c1257dd34631471b819a7bae7ed1d5eafd362febb24385f 0.0s done
#17 naming to docker.io/library/postgres-order-lab-runner:latest 0.0s done
#17 unpacking to docker.io/library/postgres-order-lab-runner:latest 0.4s done
#17 DONE 1.4s

#18 [api] resolving provenance for metadata file
#18 DONE 0.1s

#19 [runner] resolving provenance for metadata file
#19 DONE 0.0s
 Image postgres-order-lab-runner Built 
 Image postgres-order-lab-api Built 
Running: "C:\Users\from1\AppData\Local\Programs\DockerDesktop\resources\bin\docker.exe" compose up -d --wait db
 Image postgres:18.4-bookworm Pulling 
 f90dd111f2e5 Pulling fs layer 0B
 619686017db1 Pulling fs layer 0B
 143b53da8212 Pulling fs layer 0B
 5e717ee84f65 Pulling fs layer 0B
 b4254202d689 Pulling fs layer 0B
 039e6f9f9752 Pulling fs layer 0B
 39762d0b4bb2 Pulling fs layer 0B
 853c6f7300c9 Pulling fs layer 0B
 9e7d2cb48c23 Pulling fs layer 0B
 ac5213959952 Pulling fs layer 0B
 0c50baa25267 Pulling fs layer 0B
 a41e1607aaa3 Pulling fs layer 0B
 e5b018fb8995 Pulling fs layer 0B
 39762d0b4bb2 Download complete 0B
 143b53da8212 Download complete 0B
 619686017db1 Download complete 0B
 f90dd111f2e5 Download complete 0B
 b4254202d689 Downloading 1.049MB
 b4254202d689 Downloading 3.146MB
 b4254202d689 Download complete 0B
 0c50baa25267 Download complete 0B
 5e717ee84f65 Downloading 1.049MB
 5e717ee84f65 Downloading 2.097MB
 853c6f7300c9 Download complete 0B
 5e717ee84f65 Downloading 3.146MB
 ac5213959952 Downloading 1.049MB
 5e717ee84f65 Downloading 4.194MB
 ac5213959952 Downloading 2.097MB
 5e717ee84f65 Downloading 5.243MB
 9e7d2cb48c23 Downloading 1.049MB
 ac5213959952 Downloading 3.146MB
 5e717ee84f65 Downloading 5.243MB
 9e7d2cb48c23 Download complete 0B
 ac5213959952 Downloading 4.194MB
 5e717ee84f65 Downloading 6.291MB
 ac5213959952 Downloading 5.243MB
 5e717ee84f65 Downloading 7.34MB
 a41e1607aaa3 Download complete 0B
 ac5213959952 Downloading 5.243MB
 5e717ee84f65 Downloading 8.389MB
 ac5213959952 Downloading 7.34MB
 5e717ee84f65 Downloading 9.437MB
 ac5213959952 Downloading 7.34MB
 5e717ee84f65 Downloading 9.437MB
 ac5213959952 Download complete 0B
 5e717ee84f65 Downloading 10.49MB
 039e6f9f9752 Downloading 1.049MB
 5e717ee84f65 Downloading 11.53MB
 039e6f9f9752 Downloading 1.049MB
 5e717ee84f65 Downloading 12.58MB
 039e6f9f9752 Downloading 2.097MB
 5e717ee84f65 Downloading 12.58MB
 039e6f9f9752 Downloading 2.097MB
 e5b018fb8995 Download complete 0B
 5e717ee84f65 Downloading 13.63MB
 039e6f9f9752 Downloading 3.146MB
 5e717ee84f65 Downloading 14.68MB
 039e6f9f9752 Downloading 4.194MB
 5e717ee84f65 Downloading 16.78MB
 039e6f9f9752 Downloading 4.194MB
 5e717ee84f65 Downloading 16.78MB
 039e6f9f9752 Downloading 5.243MB
 5e717ee84f65 Downloading 17.83MB
 039e6f9f9752 Downloading 6.291MB
 5e717ee84f65 Downloading 17.83MB
 039e6f9f9752 Downloading 7.34MB
 039e6f9f9752 Downloading 8.389MB
 5e717ee84f65 Downloading 18.87MB
 5e717ee84f65 Downloading 19.92MB
 039e6f9f9752 Downloading 10.49MB
 5e717ee84f65 Downloading 20.97MB
 039e6f9f9752 Downloading 10.49MB
 5e717ee84f65 Downloading 22.02MB
 039e6f9f9752 Downloading 11.53MB
 5e717ee84f65 Downloading 22.02MB
 039e6f9f9752 Downloading 13.63MB
 5e717ee84f65 Downloading 23.07MB
 039e6f9f9752 Downloading 14.68MB
 5e717ee84f65 Downloading 24.12MB
 039e6f9f9752 Downloading 15.73MB
 5e717ee84f65 Downloading 25.17MB
 039e6f9f9752 Downloading 16.78MB
 039e6f9f9752 Downloading 17.83MB
 5e717ee84f65 Downloading 26.21MB
 5e717ee84f65 Downloading 26.21MB
 039e6f9f9752 Downloading 18.87MB
 5e717ee84f65 Downloading 26.21MB
 039e6f9f9752 Downloading 20.97MB
 5e717ee84f65 Downloading 28.31MB
 039e6f9f9752 Downloading 20.97MB
 5e717ee84f65 Downloading 28.31MB
 039e6f9f9752 Downloading 22.02MB
 5e717ee84f65 Downloading 29.36MB
 039e6f9f9752 Downloading 23.07MB
 5e717ee84f65 Downloading 30.41MB
 039e6f9f9752 Downloading 24.12MB
 5e717ee84f65 Downloading 31.46MB
 039e6f9f9752 Downloading 24.12MB
 5e717ee84f65 Downloading 31.46MB
 039e6f9f9752 Downloading 25.17MB
 5e717ee84f65 Downloading 32.51MB
 039e6f9f9752 Downloading 26.21MB
 5e717ee84f65 Downloading 34.6MB
 039e6f9f9752 Downloading 27.26MB
 5e717ee84f65 Downloading 35.65MB
 039e6f9f9752 Download complete 0B
 039e6f9f9752 Extracting 1B
 5e717ee84f65 Downloading 36.7MB
 039e6f9f9752 Extracting 1B
 787482616884 Download complete 0B
 5e717ee84f65 Downloading 37.75MB
 039e6f9f9752 Extracting 1B
 5e717ee84f65 Downloading 38.8MB
 039e6f9f9752 Extracting 1B
 5e717ee84f65 Downloading 39.85MB
 884ca01d86b5 Downloading 1.049MB
 039e6f9f9752 Extracting 1B
 5e717ee84f65 Downloading 40.89MB
 884ca01d86b5 Downloading 2.097MB
 039e6f9f9752 Extracting 1B
 884ca01d86b5 Downloading 3.146MB
 5e717ee84f65 Downloading 41.94MB
 039e6f9f9752 Extracting 1B
 5e717ee84f65 Downloading 41.94MB
 884ca01d86b5 Downloading 4.194MB
 039e6f9f9752 Extracting 1B
 5e717ee84f65 Downloading 42.99MB
 884ca01d86b5 Downloading 4.194MB
 039e6f9f9752 Extracting 1B
 5e717ee84f65 Downloading 44.04MB
 884ca01d86b5 Downloading 6.157MB
 039e6f9f9752 Extracting 1B
 5e717ee84f65 Downloading 45.09MB
 884ca01d86b5 Download complete 0B
 039e6f9f9752 Extracting 2B
 5e717ee84f65 Downloading 46.14MB
 039e6f9f9752 Extracting 2B
 5e717ee84f65 Downloading 48.23MB
 039e6f9f9752 Extracting 2B
 5e717ee84f65 Downloading 49.28MB
 039e6f9f9752 Extracting 2B
 5e717ee84f65 Downloading 50.33MB
 039e6f9f9752 Extracting 2B
 5e717ee84f65 Downloading 52.43MB
 039e6f9f9752 Extracting 2B
 5e717ee84f65 Downloading 53.48MB
 039e6f9f9752 Extracting 2B
 5e717ee84f65 Downloading 54.53MB
 039e6f9f9752 Extracting 2B
 5e717ee84f65 Downloading 55.57MB
 039e6f9f9752 Extracting 2B
 5e717ee84f65 Downloading 56.62MB
 039e6f9f9752 Extracting 2B
 5e717ee84f65 Downloading 57.67MB
 039e6f9f9752 Extracting 3B
 5e717ee84f65 Downloading 58.72MB
 039e6f9f9752 Extracting 3B
 5e717ee84f65 Downloading 59.77MB
 039e6f9f9752 Extracting 3B
 5e717ee84f65 Downloading 60.82MB
 039e6f9f9752 Extracting 3B
 5e717ee84f65 Downloading 61.87MB
 039e6f9f9752 Extracting 3B
 5e717ee84f65 Downloading 62.91MB
 039e6f9f9752 Pull complete 0B
 5e717ee84f65 Downloading 63.96MB
 b4254202d689 Extracting 1B
 853c6f7300c9 Pull complete 0B
 5e717ee84f65 Downloading 65.01MB
 b4254202d689 Extracting 1B
 5e717ee84f65 Downloading 66.06MB
 b4254202d689 Extracting 1B
 5e717ee84f65 Downloading 67.11MB
 b4254202d689 Pull complete 0B
 5e717ee84f65 Downloading 68.16MB
 9e7d2cb48c23 Extracting 1B
 5e717ee84f65 Downloading 68.16MB
 9e7d2cb48c23 Extracting 1B
 5e717ee84f65 Downloading 68.16MB
 9e7d2cb48c23 Pull complete 0B
 ac5213959952 Extracting 1B
 5e717ee84f65 Downloading 69.21MB
 ac5213959952 Extracting 1B
 5e717ee84f65 Downloading 70.25MB
 ac5213959952 Extracting 1B
 5e717ee84f65 Downloading 71.3MB
 ac5213959952 Extracting 1B
 5e717ee84f65 Downloading 72.35MB
 ac5213959952 Extracting 1B
 5e717ee84f65 Downloading 73.4MB
 ac5213959952 Extracting 1B
 5e717ee84f65 Downloading 74.45MB
 ac5213959952 Extracting 1B
 5e717ee84f65 Downloading 75.5MB
 ac5213959952 Pull complete 0B
 5e717ee84f65 Downloading 76.55MB
 e5b018fb8995 Extracting 1B
 5e717ee84f65 Downloading 77.59MB
 e5b018fb8995 Extracting 1B
 5e717ee84f65 Downloading 78.64MB
 39762d0b4bb2 Pull complete 0B
 0c50baa25267 Extracting 1B
 e5b018fb8995 Pull complete 0B
 5e717ee84f65 Downloading 78.64MB
 0c50baa25267 Pull complete 0B
 5e717ee84f65 Downloading 80.74MB
 5e717ee84f65 Downloading 81.79MB
 5e717ee84f65 Downloading 83.89MB
 5e717ee84f65 Downloading 84.93MB
 5e717ee84f65 Downloading 87.03MB
 5e717ee84f65 Downloading 88.08MB
 5e717ee84f65 Downloading 89.13MB
 5e717ee84f65 Downloading 91.23MB
 5e717ee84f65 Downloading 91.23MB
 5e717ee84f65 Downloading 92.27MB
 5e717ee84f65 Downloading 93.32MB
 5e717ee84f65 Downloading 94.37MB
 5e717ee84f65 Downloading 95.42MB
 5e717ee84f65 Downloading 96.47MB
 5e717ee84f65 Downloading 97.52MB
 5e717ee84f65 Downloading 97.52MB
 5e717ee84f65 Downloading 97.52MB
 5e717ee84f65 Downloading 98.57MB
 5e717ee84f65 Downloading 99.61MB
 5e717ee84f65 Downloading 100.7MB
 5e717ee84f65 Downloading 101.7MB
 5e717ee84f65 Downloading 102.8MB
 5e717ee84f65 Downloading 103.8MB
 5e717ee84f65 Downloading 104.9MB
 5e717ee84f65 Downloading 105.9MB
 5e717ee84f65 Downloading 107MB
 5e717ee84f65 Downloading 108MB
 5e717ee84f65 Downloading 110.1MB
 5e717ee84f65 Downloading 111.1MB
 5e717ee84f65 Downloading 112.2MB
 5e717ee84f65 Downloading 113.9MB
 5e717ee84f65 Download complete 0B
 5e717ee84f65 Extracting 1B
 5e717ee84f65 Extracting 1B
 5e717ee84f65 Extracting 1B
 5e717ee84f65 Extracting 1B
 5e717ee84f65 Extracting 1B
 5e717ee84f65 Extracting 1B
 5e717ee84f65 Extracting 1B
 5e717ee84f65 Extracting 1B
 5e717ee84f65 Extracting 1B
 5e717ee84f65 Extracting 1B
 5e717ee84f65 Extracting 1B
 5e717ee84f65 Extracting 2B
 5e717ee84f65 Extracting 2B
 5e717ee84f65 Extracting 2B
 5e717ee84f65 Extracting 2B
 5e717ee84f65 Extracting 2B
 5e717ee84f65 Extracting 2B
 5e717ee84f65 Extracting 2B
 5e717ee84f65 Extracting 2B
 5e717ee84f65 Extracting 2B
 5e717ee84f65 Extracting 2B
 5e717ee84f65 Extracting 3B
 5e717ee84f65 Extracting 3B
 5e717ee84f65 Extracting 3B
 5e717ee84f65 Extracting 3B
 5e717ee84f65 Extracting 3B
 5e717ee84f65 Extracting 3B
 5e717ee84f65 Extracting 3B
 5e717ee84f65 Extracting 3B
 5e717ee84f65 Extracting 3B
 5e717ee84f65 Extracting 3B
 5e717ee84f65 Extracting 4B
 5e717ee84f65 Extracting 4B
 143b53da8212 Pull complete 0B
 619686017db1 Pull complete 0B
 f90dd111f2e5 Extracting 1B
 a41e1607aaa3 Pull complete 0B
 5e717ee84f65 Pull complete 0B
 f90dd111f2e5 Pull complete 0B
 Image postgres:18.4-bookworm Pulled 
 Network postgres-order-lab_default Creating 
 Volume postgres-order-lab_pgdata Creating 
 Volume postgres-order-lab_pgdata Creating 
 Network postgres-order-lab_default Creating 
 Volume postgres-order-lab_pgdata Created 
 Volume postgres-order-lab_pgdata Created 
 Network postgres-order-lab_default Created 
 Network postgres-order-lab_default Created 
 Container postgres-order-lab-db-1 Creating 
 Container postgres-order-lab-db-1 Created 
 Container postgres-order-lab-db-1 Starting 
 Container postgres-order-lab-db-1 Started 
 Container postgres-order-lab-db-1 Waiting 
 Container postgres-order-lab-db-1 Healthy 
Running: "C:\Users\from1\AppData\Local\Programs\DockerDesktop\resources\bin\docker.exe" compose run --rm runner npm test
 Container postgres-order-lab-db-1 Running 
 Container postgres-order-lab-db-1 Waiting 
 Container postgres-order-lab-db-1 Healthy 
 Container postgres-order-lab-runner-run-7d3c3f54aaac Creating 
 Container postgres-order-lab-runner-run-7d3c3f54aaac Created 

> postgres-order-lab@1.0.0 test
> node --test test/unit.test.mjs

TAP version 13
# Subtest: p95 uses nearest rank and leaves samples untouched
ok 1 - p95 uses nearest rank and leaves samples untouched
  ---
  duration_ms: 1.433685
  type: 'test'
  ...
# Subtest: invalid samples cannot become fabricated metrics
ok 2 - invalid samples cannot become fabricated metrics
  ---
  duration_ms: 0.625888
  type: 'test'
  ...
# Subtest: nonnegative inventory alone does not prove correctness
ok 3 - nonnegative inventory alone does not prove correctness
  ---
  duration_ms: 1.649698
  type: 'test'
  ...
# Subtest: barrier prevents progress until all workers arrive
ok 4 - barrier prevents progress until all workers arrive
  ---
  duration_ms: 8.115326
  type: 'test'
  ...
# Subtest: barrier times out rather than hanging on failed workers
ok 5 - barrier times out rather than hanging on failed workers
  ---
  duration_ms: 21.256577
  type: 'test'
  ...
# Subtest: input bounds reject malformed workload configuration
ok 6 - input bounds reject malformed workload configuration
  ---
  duration_ms: 1.081673
  type: 'test'
  ...
1..6
# tests 6
# suites 0
# pass 6
# fail 0
# cancelled 0
# skipped 0
# todo 0
# duration_ms 134.700639
Running: "C:\Users\from1\AppData\Local\Programs\DockerDesktop\resources\bin\docker.exe" compose run --rm runner npm run test:integration
 Container postgres-order-lab-db-1 Running 
 Container postgres-order-lab-db-1 Waiting 
 Container postgres-order-lab-db-1 Healthy 
 Container postgres-order-lab-runner-run-2240e3a2a023 Creating 
 Container postgres-order-lab-runner-run-2240e3a2a023 Created 

> postgres-order-lab@1.0.0 test:integration
> node --test --test-concurrency=1 test/integration.test.mjs

TAP version 13
# Subtest: controlled lost update oversells while CHECK still holds
ok 1 - controlled lost update oversells while CHECK still holds
  ---
  duration_ms: 425.356273
  type: 'test'
  ...
# Subtest: atomic decrement preserves inventory under the same concurrent reads
ok 2 - atomic decrement preserves inventory under the same concurrent reads
  ---
  duration_ms: 179.012129
  type: 'test'
  ...
# Subtest: order insert failure rolls back its inventory decrement
ok 3 - order insert failure rolls back its inventory decrement
  ---
  duration_ms: 9.202409
  type: 'test'
  ...
# Subtest: multi-unit order and stock exhaustion remain atomic
ok 4 - multi-unit order and stock exhaustion remain atomic
  ---
  duration_ms: 9.900943
  type: 'test'
  ...
# Subtest: covering index does not change any tested result rows or ordering
ok 5 - covering index does not change any tested result rows or ordering
  ---
  duration_ms: 31.328456
  type: 'test'
  ...
# Subtest: API shared guard refuses access during exclusive experiments
ok 6 - API shared guard refuses access during exclusive experiments
  ---
  duration_ms: 13.216708
  type: 'test'
  ...
1..6
# tests 6
# suites 0
# pass 6
# fail 0
# cancelled 0
# skipped 0
# todo 0
# duration_ms 823.285678
Running: "C:\Users\from1\AppData\Local\Programs\DockerDesktop\resources\bin\docker.exe" compose run --rm runner npm run seed
 Container postgres-order-lab-db-1 Running 
 Container postgres-order-lab-db-1 Waiting 
 Container postgres-order-lab-db-1 Healthy 
 Container postgres-order-lab-runner-run-472e38458186 Creating 
 Container postgres-order-lab-runner-run-472e38458186 Created 

> postgres-order-lab@1.0.0 seed
> node src/seed.mjs

Seeded 300000 historical orders. Replaced only schema lab.
Running: "C:\Users\from1\AppData\Local\Programs\DockerDesktop\resources\bin\docker.exe" compose run --rm runner npm run bench
 Container postgres-order-lab-db-1 Running 
 Container postgres-order-lab-db-1 Waiting 
 Container postgres-order-lab-db-1 Healthy 
 Container postgres-order-lab-runner-run-bf1b71abf2b6 Creating 
 Container postgres-order-lab-runner-run-bf1b71abf2b6 Created 

> postgres-order-lab@1.0.0 bench
> node src/benchmark.mjs

Stock correctness round 1: unsafe
Stock correctness round 1: safe
Stock correctness round 2: safe
Stock correctness round 2: unsafe
Stock correctness round 3: unsafe
Stock correctness round 3: safe
Query segment 1: baseline
Query segment 2: indexed
Query segment 3: indexed
Query segment 4: baseline
Query segment 5: baseline
Query segment 6: indexed
Query segment 7: indexed
Query segment 8: baseline
Completed. Results: /app/results/2026-09-11T14-12-27-197Z-c68bbddc
Running: "C:\Users\from1\AppData\Local\Programs\DockerDesktop\resources\bin\docker.exe" compose up -d --wait api
 Container postgres-order-lab-db-1 Running 
 Container postgres-order-lab-api-1 Creating 
 Container postgres-order-lab-api-1 Created 
 Container postgres-order-lab-db-1 Waiting 
 Container postgres-order-lab-db-1 Healthy 
 Container postgres-order-lab-api-1 Starting 
 Container postgres-order-lab-api-1 Started 
 Container postgres-order-lab-api-1 Waiting 
 Container postgres-order-lab-db-1 Waiting 
 Container postgres-order-lab-db-1 Healthy 
 Container postgres-order-lab-api-1 Healthy 
Running: "C:\Users\from1\AppData\Local\Programs\DockerDesktop\resources\bin\docker.exe" compose ps
NAME                       IMAGE                    COMMAND                   SERVICE   CREATED          STATUS                    PORTS
postgres-order-lab-api-1   postgres-order-lab-api   "docker-entrypoint.s…"   api       8 seconds ago    Up 5 seconds (healthy)    127.0.0.1:8080->8080/tcp
postgres-order-lab-db-1    postgres:18.4-bookworm   "docker-entrypoint.s…"   db        42 seconds ago   Up 40 seconds (healthy)   5432/tcp
Running: "C:\Users\from1\AppData\Local\Programs\DockerDesktop\resources\bin\docker.exe" image inspect postgres:18.4-bookworm
[
    {
        "Id": "sha256:882236b897e39051d2368c5ccc6cda944904723506b2dfc97f2a8f5bc9afa382",
        "RepoTags": [
            "postgres:18.4-bookworm"
        ],
        "RepoDigests": [
            "postgres@sha256:882236b897e39051d2368c5ccc6cda944904723506b2dfc97f2a8f5bc9afa382"
        ],
        "Comment": "buildkit.dockerfile.v0",
        "Created": "2026-08-05T00:36:43.359258979Z",
        "Config": {
            "ExposedPorts": {
                "5432/tcp": {}
            },
            "Env": [
                "PATH=/usr/local/sbin:/usr/local/bin:/usr/sbin:/usr/bin:/sbin:/bin:/usr/lib/postgresql/18/bin",
                "GOSU_VERSION=1.19",
                "LANG=en_US.utf8",
                "PG_MAJOR=18",
                "PG_VERSION=18.4-1.pgdg12+1",
                "PGDATA=/var/lib/postgresql/18/docker"
            ],
            "Entrypoint": [
                "docker-entrypoint.sh"
            ],
            "Cmd": [
                "postgres"
            ],
            "Volumes": {
                "/var/lib/postgresql": {}
            },
            "StopSignal": "SIGINT"
        },
        "Architecture": "amd64",
        "Os": "linux",
        "Size": 157199695,
        "RootFS": {
            "Type": "layers",
            "Layers": [
                "sha256:66462cc862fe2053b9863fefa3866e07bb5dfb06f6b3ce3177cc096e4021aabe",
                "sha256:eb337485db5d05b6441443b496ca008222f43eb491dca17a8e079d6686281cb4",
                "sha256:1f9abb3df2b566d49b73c48e68a9eef4c41fdce37d4558da98a088f3645bc3f2",
                "sha256:09abecea2107665e8ffbdc3fd9dc44f68e62fffc9e555d48401e9f948bb75769",
                "sha256:67110fe0604e2ff1bae21fb8c18d7f30e4c25760b6159631247eda139b2c1d00",
                "sha256:7bbfb22b3fbaf44b061f031233b3ca20e3ba8d62be5dc3ebc9ceb36808515b21",
                "sha256:b77d4252ea3eb18bdb59c21965168fda9e7c0ed21ccd1d413837c13d960340f1",
                "sha256:419dc801b5163ae7a1d85360e28d1e05a8ee0a48029158adc3401f68c4cce954",
                "sha256:ba6fd1eda7480c552e1f5d6e8922d86cff78ddf85cd03c88b493e7ef4bc94e72",
                "sha256:0c6e6bec8c725debd44727284d95516b1dc5bd6784fb174dbe3e9f93e0e89034",
                "sha256:36038664a78a7d6d9887043c47a441ef42495751ce9e8419abe9dfd316c74f60",
                "sha256:2b4b99305cefb9476be71b7b26ce657118a91e1e75b6316ccfdd8558574037a5",
                "sha256:28dc842318aa7edda87414ef9452a47f09e983366146b45ad0518f0c1bf21152"
            ]
        },
        "Metadata": {
            "LastTagTime": "2026-09-11T14:12:10.261911887Z"
        },
        "Descriptor": {
            "mediaType": "application/vnd.oci.image.index.v1+json",
            "digest": "sha256:882236b897e39051d2368c5ccc6cda944904723506b2dfc97f2a8f5bc9afa382",
            "size": 6491
        },
        "Identity": {
            "Pull": [
                {
                    "Repository": "docker.io/library/postgres"
                }
            ]
        }
    }
]
SUCCESS: 2026-09-11 23:12:52.20
